Archive member included because of file (symbol)

d:/winavr-20100110/bin/../lib/gcc/avr/4.3.3/avr25\libgcc.a(_mulhi3.o)
                              main.o (__mulhi3)
d:/winavr-20100110/bin/../lib/gcc/avr/4.3.3/avr25\libgcc.a(_mulsi3.o)
                              DeviceSi570.o (__mulsi3)
d:/winavr-20100110/bin/../lib/gcc/avr/4.3.3/avr25\libgcc.a(_udivmodhi4.o)
                              main.o (__udivmodhi4)
d:/winavr-20100110/bin/../lib/gcc/avr/4.3.3/avr25\libgcc.a(_exit.o)
                              d:/winavr-20100110/bin/../lib/gcc/avr/4.3.3/../../../../avr/lib/avr25/crttn85.o (exit)
d:/winavr-20100110/bin/../lib/gcc/avr/4.3.3/avr25\libgcc.a(_copy_data.o)
                              main.o (__do_copy_data)
d:/winavr-20100110/bin/../lib/gcc/avr/4.3.3/avr25\libgcc.a(_clear_bss.o)
                              main.o (__do_clear_bss)
d:/winavr-20100110/bin/../lib/gcc/avr/4.3.3/../../../../avr/lib/avr25\libc.a(eerd_block_attiny85.o)
                              main.o (__eerd_block_tn85)
d:/winavr-20100110/bin/../lib/gcc/avr/4.3.3/../../../../avr/lib/avr25\libc.a(eerd_byte_attiny85.o)
                              main.o (__eerd_byte_tn85)
d:/winavr-20100110/bin/../lib/gcc/avr/4.3.3/../../../../avr/lib/avr25\libc.a(eewr_block_attiny85.o)
                              main.o (__eewr_block_tn85)
d:/winavr-20100110/bin/../lib/gcc/avr/4.3.3/../../../../avr/lib/avr25\libc.a(eewr_byte_attiny85.o)
                              main.o (__eewr_byte_tn85)

Allocating common symbols
Common symbol       size              file

usbTxBuf            0xb               usbdrv.o
Si570_Data          0x6               main.o
replyBuf            0x8               main.o
usbDeviceAddr       0x1               usbdrv.o
usbRxToken          0x1               usbdrv.o
usbInputBufOffset   0x1               usbdrv.o
usbMsgPtr           0x2               usbdrv.o
usbRxLen            0x1               usbdrv.o
usbNewDeviceAddr    0x1               usbdrv.o
usbCurrentTok       0x1               usbdrv.o
usbConfiguration    0x1               usbdrv.o
usbRxBuf            0x16              usbdrv.o
FreqSmoothTune      0x4               DeviceSi570.o

Memory Configuration

Name             Origin             Length             Attributes
text             0x00000000         0x00002000         xr
data             0x00800060         0x0000ffa0         rw !x
eeprom           0x00810000         0x00010000         rw !x
fuse             0x00820000         0x00000400         rw !x
lock             0x00830000         0x00000400         rw !x
signature        0x00840000         0x00000400         rw !x
*default*        0x00000000         0xffffffff

Linker script and memory map

LOAD d:/winavr-20100110/bin/../lib/gcc/avr/4.3.3/../../../../avr/lib/avr25/crttn85.o
LOAD main.o
LOAD osccal.o
LOAD I2Copencollector.o
LOAD DeviceSi570.o
LOAD DeviceAd9850.o
LOAD usbdrvasm.o
LOAD usbdrv.o
LOAD d:/winavr-20100110/bin/../lib/gcc/avr/4.3.3/avr25\libgcc.a
LOAD d:/winavr-20100110/bin/../lib/gcc/avr/4.3.3/../../../../avr/lib/avr25\libc.a
LOAD d:/winavr-20100110/bin/../lib/gcc/avr/4.3.3/avr25\libgcc.a

.hash
 *(.hash)

.dynsym
 *(.dynsym)

.dynstr
 *(.dynstr)

.gnu.version
 *(.gnu.version)

.gnu.version_d
 *(.gnu.version_d)

.gnu.version_r
 *(.gnu.version_r)

.rel.init
 *(.rel.init)

.rela.init
 *(.rela.init)

.rel.text
 *(.rel.text)
 *(.rel.text.*)
 *(.rel.gnu.linkonce.t*)

.rela.text
 *(.rela.text)
 *(.rela.text.*)
 *(.rela.gnu.linkonce.t*)

.rel.fini
 *(.rel.fini)

.rela.fini
 *(.rela.fini)

.rel.rodata
 *(.rel.rodata)
 *(.rel.rodata.*)
 *(.rel.gnu.linkonce.r*)

.rela.rodata
 *(.rela.rodata)
 *(.rela.rodata.*)
 *(.rela.gnu.linkonce.r*)

.rel.data
 *(.rel.data)
 *(.rel.data.*)
 *(.rel.gnu.linkonce.d*)

.rela.data
 *(.rela.data)
 *(.rela.data.*)
 *(.rela.gnu.linkonce.d*)

.rel.ctors
 *(.rel.ctors)

.rela.ctors
 *(.rela.ctors)

.rel.dtors
 *(.rel.dtors)

.rela.dtors
 *(.rela.dtors)

.rel.got
 *(.rel.got)

.rela.got
 *(.rela.got)

.rel.bss
 *(.rel.bss)

.rela.bss
 *(.rela.bss)

.rel.plt
 *(.rel.plt)

.rela.plt
 *(.rela.plt)

.text           0x00000000     0x1180
 *(.vectors)
 .vectors       0x00000000       0x1e d:/winavr-20100110/bin/../lib/gcc/avr/4.3.3/../../../../avr/lib/avr25/crttn85.o
                0x00000000                __vectors
 *(.vectors)
 *(.progmem.gcc*)
 *(.progmem*)
 .progmem.data  0x0000001e       0x58 usbdrv.o
                0x00000052                usbDescriptorDevice
                0x0000001e                usbDescriptorString0
                0x00000064                usbDescriptorConfiguration
                0x00000022                usbDescriptorStringVendor
                0x0000003c                usbDescriptorStringDevice
                0x00000076                . = ALIGN (0x2)
                0x00000076                __trampolines_start = .
 *(.trampolines)
 .trampolines   0x00000076        0x0 linker stubs
 *(.trampolines*)
                0x00000076                __trampolines_end = .
 *(.jumptables)
 *(.jumptables*)
 *(.lowtext)
 *(.lowtext*)
                0x00000076                __ctors_start = .
 *(.ctors)
                0x00000076                __ctors_end = .
                0x00000076                __dtors_start = .
 *(.dtors)
                0x00000076                __dtors_end = .
 SORT(*)(.ctors)
 SORT(*)(.dtors)
 *(.init0)
 .init0         0x00000076        0x0 d:/winavr-20100110/bin/../lib/gcc/avr/4.3.3/../../../../avr/lib/avr25/crttn85.o
                0x00000076                __init
 *(.init0)
 *(.init1)
 *(.init1)
 *(.init2)
 .init2         0x00000076        0xc d:/winavr-20100110/bin/../lib/gcc/avr/4.3.3/../../../../avr/lib/avr25/crttn85.o
 *(.init2)
 *(.init3)
 .init3         0x00000082       0x14 main.o
                0x00000082                dotInit3
 *(.init3)
 *(.init4)
 .init4         0x00000096       0x16 d:/winavr-20100110/bin/../lib/gcc/avr/4.3.3/avr25\libgcc.a(_copy_data.o)
                0x00000096                __do_copy_data
 .init4         0x000000ac       0x10 d:/winavr-20100110/bin/../lib/gcc/avr/4.3.3/avr25\libgcc.a(_clear_bss.o)
                0x000000ac                __do_clear_bss
 *(.init4)
 *(.init5)
 *(.init5)
 *(.init6)
 *(.init6)
 *(.init7)
 *(.init7)
 *(.init8)
 *(.init8)
 *(.init9)
 .init9         0x000000bc        0x4 d:/winavr-20100110/bin/../lib/gcc/avr/4.3.3/../../../../avr/lib/avr25/crttn85.o
 *(.init9)
 *(.text)
 .text          0x000000c0        0x2 d:/winavr-20100110/bin/../lib/gcc/avr/4.3.3/../../../../avr/lib/avr25/crttn85.o
                0x000000c0                __vector_12
                0x000000c0                __bad_interrupt
                0x000000c0                __vector_6
                0x000000c0                __vector_3
                0x000000c0                __vector_11
                0x000000c0                __vector_13
                0x000000c0                __vector_7
                0x000000c0                __vector_5
                0x000000c0                __vector_4
                0x000000c0                __vector_9
                0x000000c0                __vector_2
                0x000000c0                __vector_8
                0x000000c0                __vector_14
                0x000000c0                __vector_10
 .text          0x000000c2      0x514 main.o
                0x00000174                usbFunctionSetup
                0x000000c2                __vector_default
                0x000000ea                main
                0x000000c4                GetTemperature
                0x00000414                usbFunctionWrite
 .text          0x000005d6       0x92 osccal.o
                0x000005d6                calibrateOscillator
                0x00000658                usbEventResetReady
 .text          0x00000668       0xca I2Copencollector.o
                0x000006e2                I2CSendByte
                0x000006a0                I2CSendStop
                0x000006b4                I2CSend0
                0x000006c4                I2CSend1
                0x00000714                I2CReceiveByte
                0x0000068a                I2CSendStart
 .text          0x00000732      0x422 DeviceSi570.o
                0x00000806                SetFilter
                0x000008d6                SetFreq
                0x0000084c                GetRegFromSi570
                0x00000b20                DeviceInit
                0x00000892                Si570CmdReg
 .text          0x00000b54        0x0 DeviceAd9850.o
 .text          0x00000b54      0x2fa usbdrvasm.o
                0x00000bac                __vector_1
                0x00000b54                usbCrc16
                0x00000b7e                usbCrc16Append
                0x00000b86                usbMeasureFrameLength
 .text          0x00000e4e      0x252 usbdrv.o
                0x00000e5c                usbPoll
                0x00000e4e                usbInit
 .text          0x000010a0        0x0 d:/winavr-20100110/bin/../lib/gcc/avr/4.3.3/avr25\libgcc.a(_mulhi3.o)
 .text          0x000010a0        0x0 d:/winavr-20100110/bin/../lib/gcc/avr/4.3.3/avr25\libgcc.a(_mulsi3.o)
 .text          0x000010a0        0x0 d:/winavr-20100110/bin/../lib/gcc/avr/4.3.3/avr25\libgcc.a(_udivmodhi4.o)
 .text          0x000010a0        0x0 d:/winavr-20100110/bin/../lib/gcc/avr/4.3.3/avr25\libgcc.a(_exit.o)
 .text          0x000010a0        0x0 d:/winavr-20100110/bin/../lib/gcc/avr/4.3.3/avr25\libgcc.a(_copy_data.o)
 .text          0x000010a0        0x0 d:/winavr-20100110/bin/../lib/gcc/avr/4.3.3/avr25\libgcc.a(_clear_bss.o)
 .text          0x000010a0        0x0 d:/winavr-20100110/bin/../lib/gcc/avr/4.3.3/../../../../avr/lib/avr25\libc.a(eerd_block_attiny85.o)
 .text          0x000010a0        0x0 d:/winavr-20100110/bin/../lib/gcc/avr/4.3.3/../../../../avr/lib/avr25\libc.a(eerd_byte_attiny85.o)
 .text          0x000010a0        0x0 d:/winavr-20100110/bin/../lib/gcc/avr/4.3.3/../../../../avr/lib/avr25\libc.a(eewr_block_attiny85.o)
 .text          0x000010a0        0x0 d:/winavr-20100110/bin/../lib/gcc/avr/4.3.3/../../../../avr/lib/avr25\libc.a(eewr_byte_attiny85.o)
                0x000010a0                . = ALIGN (0x2)
 *(.text.*)
 .text.libgcc   0x000010a0       0x24 d:/winavr-20100110/bin/../lib/gcc/avr/4.3.3/avr25\libgcc.a(_mulhi3.o)
                0x000010a0                __mulhi3
 .text.libgcc   0x000010c4       0x32 d:/winavr-20100110/bin/../lib/gcc/avr/4.3.3/avr25\libgcc.a(_mulsi3.o)
                0x000010c4                __mulsi3
 .text.libgcc   0x000010f6       0x28 d:/winavr-20100110/bin/../lib/gcc/avr/4.3.3/avr25\libgcc.a(_udivmodhi4.o)
                0x000010f6                __udivmodhi4
 .text.libgcc   0x0000111e        0x0 d:/winavr-20100110/bin/../lib/gcc/avr/4.3.3/avr25\libgcc.a(_exit.o)
 .text.libgcc   0x0000111e        0x0 d:/winavr-20100110/bin/../lib/gcc/avr/4.3.3/avr25\libgcc.a(_copy_data.o)
 .text.libgcc   0x0000111e        0x0 d:/winavr-20100110/bin/../lib/gcc/avr/4.3.3/avr25\libgcc.a(_clear_bss.o)
 .text.avr-libc
                0x0000111e       0x20 d:/winavr-20100110/bin/../lib/gcc/avr/4.3.3/../../../../avr/lib/avr25\libc.a(eerd_block_attiny85.o)
                0x00001122                __eerd_blraw_tn85
                0x0000111e                __eerd_block_tn85
 .text.avr-libc
                0x0000113e       0x10 d:/winavr-20100110/bin/../lib/gcc/avr/4.3.3/../../../../avr/lib/avr25\libc.a(eerd_byte_attiny85.o)
                0x0000113e                __eerd_byte_tn85
 .text.avr-libc
                0x0000114e       0x12 d:/winavr-20100110/bin/../lib/gcc/avr/4.3.3/../../../../avr/lib/avr25\libc.a(eewr_block_attiny85.o)
                0x0000114e                __eewr_block_tn85
 .text.avr-libc
                0x00001160       0x1c d:/winavr-20100110/bin/../lib/gcc/avr/4.3.3/../../../../avr/lib/avr25\libc.a(eewr_byte_attiny85.o)
                0x00001162                __eewr_r18_tn85
                0x00001160                __eewr_byte_tn85
                0x0000117c                . = ALIGN (0x2)
 *(.fini9)
 .fini9         0x0000117c        0x0 d:/winavr-20100110/bin/../lib/gcc/avr/4.3.3/avr25\libgcc.a(_exit.o)
                0x0000117c                exit
                0x0000117c                _exit
 *(.fini9)
 *(.fini8)
 *(.fini8)
 *(.fini7)
 *(.fini7)
 *(.fini6)
 *(.fini6)
 *(.fini5)
 *(.fini5)
 *(.fini4)
 *(.fini4)
 *(.fini3)
 *(.fini3)
 *(.fini2)
 *(.fini2)
 *(.fini1)
 *(.fini1)
 *(.fini0)
 .fini0         0x0000117c        0x4 d:/winavr-20100110/bin/../lib/gcc/avr/4.3.3/avr25\libgcc.a(_exit.o)
 *(.fini0)
                0x00001180                _etext = .

.data           0x00800060       0x4e load address 0x00001180
                0x00800060                PROVIDE (__data_start, .)
 *(.data)
 .data          0x00800060        0x0 d:/winavr-20100110/bin/../lib/gcc/avr/4.3.3/../../../../avr/lib/avr25/crttn85.o
 .data          0x00800060       0x4b main.o
                0x00800099                usbDescriptorStringSerialNumber
                0x00800060                R
 .data          0x008000ab        0x0 osccal.o
 .data          0x008000ab        0x0 I2Copencollector.o
 .data          0x008000ab        0x0 DeviceSi570.o
 .data          0x008000ab        0x0 DeviceAd9850.o
 .data          0x008000ab        0x0 usbdrvasm.o
 .data          0x008000ab        0x2 usbdrv.o
                0x008000ab                usbTxLen
 .data          0x008000ad        0x0 d:/winavr-20100110/bin/../lib/gcc/avr/4.3.3/avr25\libgcc.a(_mulhi3.o)
 .data          0x008000ad        0x0 d:/winavr-20100110/bin/../lib/gcc/avr/4.3.3/avr25\libgcc.a(_mulsi3.o)
 .data          0x008000ad        0x0 d:/winavr-20100110/bin/../lib/gcc/avr/4.3.3/avr25\libgcc.a(_udivmodhi4.o)
 .data          0x008000ad        0x0 d:/winavr-20100110/bin/../lib/gcc/avr/4.3.3/avr25\libgcc.a(_exit.o)
 .data          0x008000ad        0x0 d:/winavr-20100110/bin/../lib/gcc/avr/4.3.3/avr25\libgcc.a(_copy_data.o)
 .data          0x008000ad        0x0 d:/winavr-20100110/bin/../lib/gcc/avr/4.3.3/avr25\libgcc.a(_clear_bss.o)
 .data          0x008000ad        0x0 d:/winavr-20100110/bin/../lib/gcc/avr/4.3.3/../../../../avr/lib/avr25\libc.a(eerd_block_attiny85.o)
 .data          0x008000ad        0x0 d:/winavr-20100110/bin/../lib/gcc/avr/4.3.3/../../../../avr/lib/avr25\libc.a(eerd_byte_attiny85.o)
 .data          0x008000ad        0x0 d:/winavr-20100110/bin/../lib/gcc/avr/4.3.3/../../../../avr/lib/avr25\libc.a(eewr_block_attiny85.o)
 .data          0x008000ad        0x0 d:/winavr-20100110/bin/../lib/gcc/avr/4.3.3/../../../../avr/lib/avr25\libc.a(eewr_byte_attiny85.o)
 *(.data*)
 *(.rodata)
 *(.rodata*)
 *(.gnu.linkonce.d*)
                0x008000ae                . = ALIGN (0x2)
 *fill*         0x008000ad        0x1 00
                0x008000ae                _edata = .
                0x008000ae                PROVIDE (__data_end, .)

.bss            0x008000ae       0x3f
                0x008000ae                PROVIDE (__bss_start, .)
 *(.bss)
 .bss           0x008000ae        0x0 d:/winavr-20100110/bin/../lib/gcc/avr/4.3.3/../../../../avr/lib/avr25/crttn85.o
 .bss           0x008000ae        0x1 main.o
 .bss           0x008000af        0x0 osccal.o
 .bss           0x008000af        0x0 I2Copencollector.o
 .bss           0x008000af        0x0 DeviceSi570.o
 .bss           0x008000af        0x0 DeviceAd9850.o
 .bss           0x008000af        0x0 usbdrvasm.o
 .bss           0x008000af        0x2 usbdrv.o
 .bss           0x008000b1        0x0 d:/winavr-20100110/bin/../lib/gcc/avr/4.3.3/avr25\libgcc.a(_mulhi3.o)
 .bss           0x008000b1        0x0 d:/winavr-20100110/bin/../lib/gcc/avr/4.3.3/avr25\libgcc.a(_mulsi3.o)
 .bss           0x008000b1        0x0 d:/winavr-20100110/bin/../lib/gcc/avr/4.3.3/avr25\libgcc.a(_udivmodhi4.o)
 .bss           0x008000b1        0x0 d:/winavr-20100110/bin/../lib/gcc/avr/4.3.3/avr25\libgcc.a(_exit.o)
 .bss           0x008000b1        0x0 d:/winavr-20100110/bin/../lib/gcc/avr/4.3.3/avr25\libgcc.a(_copy_data.o)
 .bss           0x008000b1        0x0 d:/winavr-20100110/bin/../lib/gcc/avr/4.3.3/avr25\libgcc.a(_clear_bss.o)
 .bss           0x008000b1        0x0 d:/winavr-20100110/bin/../lib/gcc/avr/4.3.3/../../../../avr/lib/avr25\libc.a(eerd_block_attiny85.o)
 .bss           0x008000b1        0x0 d:/winavr-20100110/bin/../lib/gcc/avr/4.3.3/../../../../avr/lib/avr25\libc.a(eerd_byte_attiny85.o)
 .bss           0x008000b1        0x0 d:/winavr-20100110/bin/../lib/gcc/avr/4.3.3/../../../../avr/lib/avr25\libc.a(eewr_block_attiny85.o)
 .bss           0x008000b1        0x0 d:/winavr-20100110/bin/../lib/gcc/avr/4.3.3/../../../../avr/lib/avr25\libc.a(eewr_byte_attiny85.o)
 *(.bss*)
 *(COMMON)
 COMMON         0x008000b1        0xe main.o
                0x008000b1                Si570_Data
                0x008000b7                replyBuf
 COMMON         0x008000bf        0x4 DeviceSi570.o
                0x008000bf                FreqSmoothTune
 COMMON         0x008000c3       0x2a usbdrv.o
                0x008000c3                usbTxBuf
                0x008000ce                usbDeviceAddr
                0x008000cf                usbRxToken
                0x008000d0                usbInputBufOffset
                0x008000d1                usbMsgPtr
                0x008000d3                usbRxLen
                0x008000d4                usbNewDeviceAddr
                0x008000d5                usbCurrentTok
                0x008000d6                usbConfiguration
                0x008000d7                usbRxBuf
                0x008000ed                PROVIDE (__bss_end, .)
                0x00001180                __data_load_start = LOADADDR (.data)
                0x000011ce                __data_load_end = (__data_load_start + SIZEOF (.data))

.noinit         0x008000ed        0x0
                0x008000ed                PROVIDE (__noinit_start, .)
 *(.noinit*)
                0x008000ed                PROVIDE (__noinit_end, .)
                0x008000ed                _end = .
                0x008000ed                PROVIDE (__heap_start, .)

.eeprom         0x00810000       0x39
 *(.eeprom*)
 .eeprom        0x00810000       0x39 main.o
                0x00810000                E
                0x00810039                __eeprom_end = .

.fuse
 *(.fuse)
 *(.lfuse)
 *(.hfuse)
 *(.efuse)

.lock
 *(.lock*)

.signature
 *(.signature*)

.stab
 *(.stab)

.stabstr
 *(.stabstr)

.stab.excl
 *(.stab.excl)

.stab.exclstr
 *(.stab.exclstr)

.stab.index
 *(.stab.index)

.stab.indexstr
 *(.stab.indexstr)

.comment
 *(.comment)

.debug
 *(.debug)

.line
 *(.line)

.debug_srcinfo
 *(.debug_srcinfo)

.debug_sfnames
 *(.debug_sfnames)

.debug_aranges  0x00000000       0xc8
 *(.debug_aranges)
 .debug_aranges
                0x00000000       0x28 main.o
 .debug_aranges
                0x00000028       0x20 osccal.o
 .debug_aranges
                0x00000048       0x20 I2Copencollector.o
 .debug_aranges
                0x00000068       0x20 DeviceSi570.o
 .debug_aranges
                0x00000088       0x20 usbdrvasm.o
 .debug_aranges
                0x000000a8       0x20 usbdrv.o

.debug_pubnames
                0x00000000      0x44c
 *(.debug_pubnames)
 .debug_pubnames
                0x00000000       0xf5 main.o
 .debug_pubnames
                0x000000f5       0x41 osccal.o
 .debug_pubnames
                0x00000136       0x9f I2Copencollector.o
 .debug_pubnames
                0x000001d5       0xcb DeviceSi570.o
 .debug_pubnames
                0x000002a0       0x41 DeviceAd9850.o
 .debug_pubnames
                0x000002e1      0x16b usbdrv.o

.debug_info     0x00000000     0x1d41
 *(.debug_info)
 .debug_info    0x00000000      0x78c main.o
 .debug_info    0x0000078c       0xe5 osccal.o
 .debug_info    0x00000871      0x46d I2Copencollector.o
 .debug_info    0x00000cde      0x761 DeviceSi570.o
 .debug_info    0x0000143f       0x99 DeviceAd9850.o
 .debug_info    0x000014d8       0x9b usbdrvasm.o
 .debug_info    0x00001573      0x7ce usbdrv.o
 *(.gnu.linkonce.wi.*)

.debug_abbrev   0x00000000      0xa4a
 *(.debug_abbrev)
 .debug_abbrev  0x00000000      0x2ee main.o
 .debug_abbrev  0x000002ee       0x8a osccal.o
 .debug_abbrev  0x00000378      0x16c I2Copencollector.o
 .debug_abbrev  0x000004e4      0x2e8 DeviceSi570.o
 .debug_abbrev  0x000007cc       0x51 DeviceAd9850.o
 .debug_abbrev  0x0000081d       0x14 usbdrvasm.o
 .debug_abbrev  0x00000831      0x219 usbdrv.o

.debug_line     0x00000000     0x1387
 *(.debug_line)
 .debug_line    0x00000000      0x669 main.o
 .debug_line    0x00000669       0xed osccal.o
 .debug_line    0x00000756      0x2b6 I2Copencollector.o
 .debug_line    0x00000a0c      0x39c DeviceSi570.o
 .debug_line    0x00000da8       0x84 DeviceAd9850.o
 .debug_line    0x00000e2c      0x1f8 usbdrvasm.o
 .debug_line    0x00001024      0x363 usbdrv.o

.debug_frame    0x00000000      0x1f0
 *(.debug_frame)
 .debug_frame   0x00000000       0x70 main.o
 .debug_frame   0x00000070       0x30 osccal.o
 .debug_frame   0x000000a0       0x90 I2Copencollector.o
 .debug_frame   0x00000130       0x90 DeviceSi570.o
 .debug_frame   0x000001c0       0x30 usbdrv.o

.debug_str      0x00000000      0x792
 *(.debug_str)
 .debug_str     0x00000000      0x2c8 main.o
                                0x324 (size before relaxing)
 .debug_str     0x000002c8       0x67 osccal.o
                                0x12b (size before relaxing)
 .debug_str     0x0000032f       0x97 I2Copencollector.o
                                0x1c9 (size before relaxing)
 .debug_str     0x000003c6      0x160 DeviceSi570.o
                                0x343 (size before relaxing)
 .debug_str     0x00000526       0x12 DeviceAd9850.o
                                0x101 (size before relaxing)
 .debug_str     0x00000538      0x25a usbdrv.o
                                0x3ca (size before relaxing)

.debug_loc      0x00000000      0xaff
 *(.debug_loc)
 .debug_loc     0x00000000      0x398 main.o
 .debug_loc     0x00000398       0xaf osccal.o
 .debug_loc     0x00000447       0x7d I2Copencollector.o
 .debug_loc     0x000004c4      0x2cb DeviceSi570.o
 .debug_loc     0x0000078f      0x370 usbdrv.o

.debug_macinfo
 *(.debug_macinfo)
OUTPUT(AVR-FirmwareV15.13-ATtiny85.elf elf32-avr)
LOAD linker stubs

.debug_ranges   0x00000000       0x78
 .debug_ranges  0x00000000       0x40 main.o
 .debug_ranges  0x00000040       0x38 usbdrv.o
