Archive member included because of file (symbol)

d:/winavr-20071221/bin/../lib/gcc/avr/4.2.2/avr25\libgcc.a(_mulhi3.o)
                              FreqFromSi570.o (__mulhi3)
d:/winavr-20071221/bin/../lib/gcc/avr/4.2.2/avr25\libgcc.a(_mulsi3.o)
                              DeviceSi570.o (__mulsi3)
d:/winavr-20071221/bin/../lib/gcc/avr/4.2.2/avr25\libgcc.a(_udivmodhi4.o)
                              DeviceSi570.o (__udivmodhi4)
d:/winavr-20071221/bin/../lib/gcc/avr/4.2.2/avr25\libgcc.a(_exit.o)
                              d:/winavr-20071221/bin/../lib/gcc/avr/4.2.2/../../../../avr/lib/avr25/crttn45.o (exit)
d:/winavr-20071221/bin/../lib/gcc/avr/4.2.2/avr25\libgcc.a(_copy_data.o)
                              main.o (__do_copy_data)
d:/winavr-20071221/bin/../lib/gcc/avr/4.2.2/avr25\libgcc.a(_clear_bss.o)
                              main.o (__do_clear_bss)
d:/winavr-20071221/bin/../lib/gcc/avr/4.2.2/../../../../avr/lib/avr25\libc.a(ee_rblk.1C1D1E.o)
                              main.o (__eeprom_read_block_1C1D1E)
d:/winavr-20071221/bin/../lib/gcc/avr/4.2.2/../../../../avr/lib/avr25\libc.a(ee_wb.1C1D1E.o)
                              main.o (__eeprom_write_byte_1C1D1E)
d:/winavr-20071221/bin/../lib/gcc/avr/4.2.2/../../../../avr/lib/avr25\libc.a(ee_wblk.1C1D1E.o)
                              main.o (__eeprom_write_block_1C1D1E)
d:/winavr-20071221/bin/../lib/gcc/avr/4.2.2/../../../../avr/lib/avr25\libc.a(ee_rb.1C1D1E.o)
                              d:/winavr-20071221/bin/../lib/gcc/avr/4.2.2/../../../../avr/lib/avr25\libc.a(ee_rblk.1C1D1E.o) (__eeprom_read_byte_1C1D1E)

Allocating common symbols
Common symbol       size              file

SI570_online        0x1               DeviceSi570.o
usbTxBuf            0xb               usbdrv.o
I2CErrors           0x1               I2Copencollector.o
Si570_Data          0x6               main.o
replyBuf            0x8               main.o
usbDeviceAddr       0x1               usbdrv.o
usbRxToken          0x1               usbdrv.o
usbInputBufOffset   0x1               usbdrv.o
R                   0x18              main.o
usbMsgPtr           0x2               usbdrv.o
usbRxLen            0x1               usbdrv.o
usbNewDeviceAddr    0x1               usbdrv.o
usbCurrentTok       0x1               usbdrv.o
usbConfiguration    0x1               usbdrv.o
usbRxBuf            0x16              usbdrv.o

Memory Configuration

Name             Origin             Length             Attributes
text             0x00000000         0x00002000         xr
data             0x00800060         0x0000ffa0         rw !x
eeprom           0x00810000         0x00010000         rw !x
fuse             0x00820000         0x00000400         rw !x
lock             0x00830000         0x00000400         rw !x
signature        0x00840000         0x00000400         rw !x
*default*        0x00000000         0xffffffff

Linker script and memory map

LOAD d:/winavr-20071221/bin/../lib/gcc/avr/4.2.2/../../../../avr/lib/avr25/crttn45.o
LOAD main.o
LOAD usbdrvasm.o
LOAD osccal.o
LOAD I2Copencollector.o
LOAD usbdrv.o
LOAD FreqFromSi570.o
LOAD DeviceSi570.o
LOAD DeviceAd9850.o
LOAD OptionABPF.o
LOAD d:/winavr-20071221/bin/../lib/gcc/avr/4.2.2/avr25\libgcc.a
LOAD d:/winavr-20071221/bin/../lib/gcc/avr/4.2.2/../../../../avr/lib/avr25\libc.a
LOAD d:/winavr-20071221/bin/../lib/gcc/avr/4.2.2/avr25\libgcc.a

.hash
 *(.hash)

.dynsym
 *(.dynsym)

.dynstr
 *(.dynstr)

.gnu.version
 *(.gnu.version)

.gnu.version_d
 *(.gnu.version_d)

.gnu.version_r
 *(.gnu.version_r)

.rel.init
 *(.rel.init)

.rela.init
 *(.rela.init)

.rel.text
 *(.rel.text)
 *(.rel.text.*)
 *(.rel.gnu.linkonce.t*)

.rela.text
 *(.rela.text)
 *(.rela.text.*)
 *(.rela.gnu.linkonce.t*)

.rel.fini
 *(.rel.fini)

.rela.fini
 *(.rela.fini)

.rel.rodata
 *(.rel.rodata)
 *(.rel.rodata.*)
 *(.rel.gnu.linkonce.r*)

.rela.rodata
 *(.rela.rodata)
 *(.rela.rodata.*)
 *(.rela.gnu.linkonce.r*)

.rel.data
 *(.rel.data)
 *(.rel.data.*)
 *(.rel.gnu.linkonce.d*)

.rela.data
 *(.rela.data)
 *(.rela.data.*)
 *(.rela.gnu.linkonce.d*)

.rel.ctors
 *(.rel.ctors)

.rela.ctors
 *(.rela.ctors)

.rel.dtors
 *(.rel.dtors)

.rela.dtors
 *(.rela.dtors)

.rel.got
 *(.rel.got)

.rela.got
 *(.rela.got)

.rel.bss
 *(.rel.bss)

.rela.bss
 *(.rela.bss)

.rel.plt
 *(.rel.plt)

.rela.plt
 *(.rela.plt)

.text           0x00000000      0xfe6
 *(.vectors)
 .vectors       0x00000000       0x1e d:/winavr-20071221/bin/../lib/gcc/avr/4.2.2/../../../../avr/lib/avr25/crttn45.o
                0x00000000                __vectors
 *(.vectors)
 *(.progmem.gcc*)
 *(.progmem*)
 .progmem.data  0x0000001e       0x6e usbdrv.o
                0x00000068                usbDescriptorDevice
                0x0000001e                usbDescriptorString0
                0x00000052                usbDescriptorStringSerialNumber
                0x0000007a                usbDescriptorConfiguration
                0x00000022                usbDescriptorStringVendor
                0x0000003c                usbDescriptorStringDevice
                0x0000008c                . = ALIGN (0x2)
                0x0000008c                __trampolines_start = .
 *(.trampolines)
 .trampolines   0x0000008c        0x0 linker stubs
 *(.trampolines*)
                0x0000008c                __trampolines_end = .
 *(.jumptables)
 *(.jumptables*)
 *(.lowtext)
 *(.lowtext*)
                0x0000008c                __ctors_start = .
 *(.ctors)
                0x0000008c                __ctors_end = .
                0x0000008c                __dtors_start = .
 *(.dtors)
                0x0000008c                __dtors_end = .
 SORT(*)(.ctors)
 SORT(*)(.dtors)
 *(.init0)
 .init0         0x0000008c        0x0 d:/winavr-20071221/bin/../lib/gcc/avr/4.2.2/../../../../avr/lib/avr25/crttn45.o
                0x0000008c                __init
 *(.init0)
 *(.init1)
 *(.init1)
 *(.init2)
 .init2         0x0000008c        0xc d:/winavr-20071221/bin/../lib/gcc/avr/4.2.2/../../../../avr/lib/avr25/crttn45.o
 *(.init2)
 *(.init3)
 .init3         0x00000098       0x14 main.o
                0x00000098                dotInit3
 *(.init3)
 *(.init4)
 .init4         0x000000ac       0x16 d:/winavr-20071221/bin/../lib/gcc/avr/4.2.2/avr25\libgcc.a(_copy_data.o)
                0x000000ac                __do_copy_data
 .init4         0x000000c2       0x10 d:/winavr-20071221/bin/../lib/gcc/avr/4.2.2/avr25\libgcc.a(_clear_bss.o)
                0x000000c2                __do_clear_bss
 *(.init4)
 *(.init5)
 *(.init5)
 *(.init6)
 *(.init6)
 *(.init7)
 *(.init7)
 *(.init8)
 *(.init8)
 *(.init9)
 .init9         0x000000d2        0x4 d:/winavr-20071221/bin/../lib/gcc/avr/4.2.2/../../../../avr/lib/avr25/crttn45.o
 *(.init9)
 *(.text)
 .text          0x000000d6        0x2 d:/winavr-20071221/bin/../lib/gcc/avr/4.2.2/../../../../avr/lib/avr25/crttn45.o
                0x000000d6                __vector_12
                0x000000d6                __bad_interrupt
                0x000000d6                __vector_6
                0x000000d6                __vector_3
                0x000000d6                __vector_11
                0x000000d6                __vector_13
                0x000000d6                __vector_7
                0x000000d6                __vector_5
                0x000000d6                __vector_4
                0x000000d6                __vector_9
                0x000000d6                __vector_2
                0x000000d6                __vector_8
                0x000000d6                __vector_14
                0x000000d6                __vector_10
 .text          0x000000d8      0x34c main.o
                0x00000268                usbFunctionSetup
                0x000000d8                __vector_default
                0x000000da                main
                0x000001c8                usbFunctionWrite
 .text          0x00000424      0x2fa usbdrvasm.o
                0x0000047c                __vector_1
                0x00000424                usbCrc16
                0x0000044e                usbCrc16Append
                0x00000456                usbMeasureFrameLength
 .text          0x0000071e       0x8e osccal.o
                0x0000071e                calibrateOscillator
                0x0000079a                usbEventResetReady
 .text          0x000007ac       0xfe I2Copencollector.o
                0x00000824                I2CSendByte
                0x000007ea                I2CSendStop
                0x0000088a                I2CReceiveLastByte
                0x0000086a                I2CReceiveByte
                0x000007da                I2CSendStart
 .text          0x000008aa      0x22c usbdrv.o
                0x000008b8                usbPoll
                0x000008aa                usbInit
 .text          0x00000ad6       0xd4 FreqFromSi570.o
                0x00000ad6                CalcFreqFromRegSi570
 .text          0x00000baa      0x324 DeviceSi570.o
                0x00000cf4                SetFreq
                0x00000c7e                GetRegFromSi570
                0x00000ea8                DeviceInit
 .text          0x00000ece        0x0 DeviceAd9850.o
 .text          0x00000ece       0x5c OptionABPF.o
                0x00000ece                SetFilter
 .text          0x00000f2a        0x0 d:/winavr-20071221/bin/../lib/gcc/avr/4.2.2/avr25\libgcc.a(_mulhi3.o)
 .text          0x00000f2a        0x0 d:/winavr-20071221/bin/../lib/gcc/avr/4.2.2/avr25\libgcc.a(_mulsi3.o)
 .text          0x00000f2a        0x0 d:/winavr-20071221/bin/../lib/gcc/avr/4.2.2/avr25\libgcc.a(_udivmodhi4.o)
 .text          0x00000f2a        0x0 d:/winavr-20071221/bin/../lib/gcc/avr/4.2.2/avr25\libgcc.a(_exit.o)
 .text          0x00000f2a        0x0 d:/winavr-20071221/bin/../lib/gcc/avr/4.2.2/avr25\libgcc.a(_copy_data.o)
 .text          0x00000f2a        0x0 d:/winavr-20071221/bin/../lib/gcc/avr/4.2.2/avr25\libgcc.a(_clear_bss.o)
 .text          0x00000f2a        0x0 d:/winavr-20071221/bin/../lib/gcc/avr/4.2.2/../../../../avr/lib/avr25\libc.a(ee_rblk.1C1D1E.o)
 .text          0x00000f2a        0x0 d:/winavr-20071221/bin/../lib/gcc/avr/4.2.2/../../../../avr/lib/avr25\libc.a(ee_wb.1C1D1E.o)
 .text          0x00000f2a        0x0 d:/winavr-20071221/bin/../lib/gcc/avr/4.2.2/../../../../avr/lib/avr25\libc.a(ee_wblk.1C1D1E.o)
 .text          0x00000f2a        0x0 d:/winavr-20071221/bin/../lib/gcc/avr/4.2.2/../../../../avr/lib/avr25\libc.a(ee_rb.1C1D1E.o)
                0x00000f2a                . = ALIGN (0x2)
 *(.text.*)
 .text.libgcc   0x00000f2a       0x24 d:/winavr-20071221/bin/../lib/gcc/avr/4.2.2/avr25\libgcc.a(_mulhi3.o)
                0x00000f2a                __mulhi3
 .text.libgcc   0x00000f4e       0x32 d:/winavr-20071221/bin/../lib/gcc/avr/4.2.2/avr25\libgcc.a(_mulsi3.o)
                0x00000f4e                __mulsi3
 .text.libgcc   0x00000f80       0x28 d:/winavr-20071221/bin/../lib/gcc/avr/4.2.2/avr25\libgcc.a(_udivmodhi4.o)
                0x00000f80                __udivmodhi4
 .text.libgcc   0x00000fa8        0x0 d:/winavr-20071221/bin/../lib/gcc/avr/4.2.2/avr25\libgcc.a(_exit.o)
 .text.libgcc   0x00000fa8        0x0 d:/winavr-20071221/bin/../lib/gcc/avr/4.2.2/avr25\libgcc.a(_copy_data.o)
 .text.libgcc   0x00000fa8        0x0 d:/winavr-20071221/bin/../lib/gcc/avr/4.2.2/avr25\libgcc.a(_clear_bss.o)
 .text.eeprom   0x00000fa8        0xa d:/winavr-20071221/bin/../lib/gcc/avr/4.2.2/../../../../avr/lib/avr25\libc.a(ee_rblk.1C1D1E.o)
                0x00000fa8                __eeprom_read_block_1C1D1E
 .text.eeprom   0x00000fb2       0x18 d:/winavr-20071221/bin/../lib/gcc/avr/4.2.2/../../../../avr/lib/avr25\libc.a(ee_wb.1C1D1E.o)
                0x00000fb2                __eeprom_write_byte_1C1D1E
 .text.eeprom   0x00000fca        0xa d:/winavr-20071221/bin/../lib/gcc/avr/4.2.2/../../../../avr/lib/avr25\libc.a(ee_wblk.1C1D1E.o)
                0x00000fca                __eeprom_write_block_1C1D1E
 .text.eeprom   0x00000fd4       0x10 d:/winavr-20071221/bin/../lib/gcc/avr/4.2.2/../../../../avr/lib/avr25\libc.a(ee_rb.1C1D1E.o)
                0x00000fd4                __eeprom_read_byte_1C1D1E
                0x00000fe4                . = ALIGN (0x2)
 *(.fini9)
 .fini9         0x00000fe4        0x0 d:/winavr-20071221/bin/../lib/gcc/avr/4.2.2/avr25\libgcc.a(_exit.o)
                0x00000fe4                exit
                0x00000fe4                _exit
 *(.fini9)
 *(.fini8)
 *(.fini8)
 *(.fini7)
 *(.fini7)
 *(.fini6)
 *(.fini6)
 *(.fini5)
 *(.fini5)
 *(.fini4)
 *(.fini4)
 *(.fini3)
 *(.fini3)
 *(.fini2)
 *(.fini2)
 *(.fini1)
 *(.fini1)
 *(.fini0)
 .fini0         0x00000fe4        0x2 d:/winavr-20071221/bin/../lib/gcc/avr/4.2.2/avr25\libgcc.a(_exit.o)
 *(.fini0)
                0x00000fe6                _etext = .

.data           0x00800060        0x2 load address 0x00000fe6
                0x00800060                PROVIDE (__data_start, .)
 *(.data)
 .data          0x00800060        0x0 d:/winavr-20071221/bin/../lib/gcc/avr/4.2.2/../../../../avr/lib/avr25/crttn45.o
 .data          0x00800060        0x0 main.o
 .data          0x00800060        0x0 usbdrvasm.o
 .data          0x00800060        0x0 osccal.o
 .data          0x00800060        0x0 I2Copencollector.o
 .data          0x00800060        0x2 usbdrv.o
                0x00800060                usbTxLen
 .data          0x00800062        0x0 FreqFromSi570.o
 .data          0x00800062        0x0 DeviceSi570.o
 .data          0x00800062        0x0 DeviceAd9850.o
 .data          0x00800062        0x0 OptionABPF.o
 .data          0x00800062        0x0 d:/winavr-20071221/bin/../lib/gcc/avr/4.2.2/avr25\libgcc.a(_mulhi3.o)
 .data          0x00800062        0x0 d:/winavr-20071221/bin/../lib/gcc/avr/4.2.2/avr25\libgcc.a(_mulsi3.o)
 .data          0x00800062        0x0 d:/winavr-20071221/bin/../lib/gcc/avr/4.2.2/avr25\libgcc.a(_udivmodhi4.o)
 .data          0x00800062        0x0 d:/winavr-20071221/bin/../lib/gcc/avr/4.2.2/avr25\libgcc.a(_exit.o)
 .data          0x00800062        0x0 d:/winavr-20071221/bin/../lib/gcc/avr/4.2.2/avr25\libgcc.a(_copy_data.o)
 .data          0x00800062        0x0 d:/winavr-20071221/bin/../lib/gcc/avr/4.2.2/avr25\libgcc.a(_clear_bss.o)
 .data          0x00800062        0x0 d:/winavr-20071221/bin/../lib/gcc/avr/4.2.2/../../../../avr/lib/avr25\libc.a(ee_rblk.1C1D1E.o)
 .data          0x00800062        0x0 d:/winavr-20071221/bin/../lib/gcc/avr/4.2.2/../../../../avr/lib/avr25\libc.a(ee_wb.1C1D1E.o)
 .data          0x00800062        0x0 d:/winavr-20071221/bin/../lib/gcc/avr/4.2.2/../../../../avr/lib/avr25\libc.a(ee_wblk.1C1D1E.o)
 .data          0x00800062        0x0 d:/winavr-20071221/bin/../lib/gcc/avr/4.2.2/../../../../avr/lib/avr25\libc.a(ee_rb.1C1D1E.o)
 *(.data*)
 *(.rodata)
 *(.rodata*)
 *(.gnu.linkonce.d*)
                0x00800062                . = ALIGN (0x2)
                0x00800062                _edata = .
                0x00800062                PROVIDE (__data_end, .)

.bss            0x00800062       0x59 load address 0x00000fe8
                0x00800062                PROVIDE (__bss_start, .)
 *(.bss)
 .bss           0x00800062        0x0 d:/winavr-20071221/bin/../lib/gcc/avr/4.2.2/../../../../avr/lib/avr25/crttn45.o
 .bss           0x00800062        0x1 main.o
 .bss           0x00800063        0x0 usbdrvasm.o
 .bss           0x00800063        0x0 osccal.o
 .bss           0x00800063        0x0 I2Copencollector.o
 .bss           0x00800063        0x2 usbdrv.o
 .bss           0x00800065        0x0 FreqFromSi570.o
 .bss           0x00800065        0x4 DeviceSi570.o
 .bss           0x00800069        0x0 DeviceAd9850.o
 .bss           0x00800069        0x0 OptionABPF.o
 .bss           0x00800069        0x0 d:/winavr-20071221/bin/../lib/gcc/avr/4.2.2/avr25\libgcc.a(_mulhi3.o)
 .bss           0x00800069        0x0 d:/winavr-20071221/bin/../lib/gcc/avr/4.2.2/avr25\libgcc.a(_mulsi3.o)
 .bss           0x00800069        0x0 d:/winavr-20071221/bin/../lib/gcc/avr/4.2.2/avr25\libgcc.a(_udivmodhi4.o)
 .bss           0x00800069        0x0 d:/winavr-20071221/bin/../lib/gcc/avr/4.2.2/avr25\libgcc.a(_exit.o)
 .bss           0x00800069        0x0 d:/winavr-20071221/bin/../lib/gcc/avr/4.2.2/avr25\libgcc.a(_copy_data.o)
 .bss           0x00800069        0x0 d:/winavr-20071221/bin/../lib/gcc/avr/4.2.2/avr25\libgcc.a(_clear_bss.o)
 .bss           0x00800069        0x0 d:/winavr-20071221/bin/../lib/gcc/avr/4.2.2/../../../../avr/lib/avr25\libc.a(ee_rblk.1C1D1E.o)
 .bss           0x00800069        0x0 d:/winavr-20071221/bin/../lib/gcc/avr/4.2.2/../../../../avr/lib/avr25\libc.a(ee_wb.1C1D1E.o)
 .bss           0x00800069        0x0 d:/winavr-20071221/bin/../lib/gcc/avr/4.2.2/../../../../avr/lib/avr25\libc.a(ee_wblk.1C1D1E.o)
 .bss           0x00800069        0x0 d:/winavr-20071221/bin/../lib/gcc/avr/4.2.2/../../../../avr/lib/avr25\libc.a(ee_rb.1C1D1E.o)
 *(.bss*)
 *(COMMON)
 COMMON         0x00800069       0x26 main.o
                0x00800069                Si570_Data
                0x0080006f                replyBuf
                0x00800077                R
 COMMON         0x0080008f        0x1 I2Copencollector.o
                0x0080008f                I2CErrors
 COMMON         0x00800090       0x2a usbdrv.o
                0x00800090                usbTxBuf
                0x0080009b                usbDeviceAddr
                0x0080009c                usbRxToken
                0x0080009d                usbInputBufOffset
                0x0080009e                usbMsgPtr
                0x008000a0                usbRxLen
                0x008000a1                usbNewDeviceAddr
                0x008000a2                usbCurrentTok
                0x008000a3                usbConfiguration
                0x008000a4                usbRxBuf
 COMMON         0x008000ba        0x1 DeviceSi570.o
                0x008000ba                SI570_online
                0x008000bb                PROVIDE (__bss_end, .)
                0x00000fe6                __data_load_start = LOADADDR (.data)
                0x00000fe8                __data_load_end = (__data_load_start + SIZEOF (.data))

.noinit         0x008000bb        0x0
                0x008000bb                PROVIDE (__noinit_start, .)
 *(.noinit*)
                0x008000bb                PROVIDE (__noinit_end, .)
                0x008000bb                _end = .
                0x008000bb                PROVIDE (__heap_start, .)

.eeprom         0x00810000       0x18
 *(.eeprom*)
 .eeprom        0x00810000       0x18 main.o
                0x00810018                __eeprom_end = .

.fuse
 *(.fuse)
 *(.lfuse)
 *(.hfuse)
 *(.efuse)

.lock
 *(.lock*)

.signature
 *(.signature*)

.stab           0x00000000      0x378
 *(.stab)
 .stab          0x00000000      0x378 d:/winavr-20071221/bin/../lib/gcc/avr/4.2.2/../../../../avr/lib/avr25/crttn45.o

.stabstr        0x00000000       0x5f
 *(.stabstr)
 .stabstr       0x00000000       0x5f d:/winavr-20071221/bin/../lib/gcc/avr/4.2.2/../../../../avr/lib/avr25/crttn45.o

.stab.excl
 *(.stab.excl)

.stab.exclstr
 *(.stab.exclstr)

.stab.index
 *(.stab.index)

.stab.indexstr
 *(.stab.indexstr)

.comment
 *(.comment)

.debug
 *(.debug)

.line
 *(.line)

.debug_srcinfo
 *(.debug_srcinfo)

.debug_sfnames
 *(.debug_sfnames)

.debug_aranges  0x00000000       0xe8
 *(.debug_aranges)
 .debug_aranges
                0x00000000       0x28 main.o
 .debug_aranges
                0x00000028       0x20 osccal.o
 .debug_aranges
                0x00000048       0x20 I2Copencollector.o
 .debug_aranges
                0x00000068       0x20 usbdrv.o
 .debug_aranges
                0x00000088       0x20 FreqFromSi570.o
 .debug_aranges
                0x000000a8       0x20 DeviceSi570.o
 .debug_aranges
                0x000000c8       0x20 OptionABPF.o

.debug_pubnames
                0x00000000      0x371
 *(.debug_pubnames)
 .debug_pubnames
                0x00000000       0x89 main.o
 .debug_pubnames
                0x00000089       0x41 osccal.o
 .debug_pubnames
                0x000000ca       0x7b I2Copencollector.o
 .debug_pubnames
                0x00000145      0x18f usbdrv.o
 .debug_pubnames
                0x000002d4       0x2b FreqFromSi570.o
 .debug_pubnames
                0x000002ff       0x52 DeviceSi570.o
 .debug_pubnames
                0x00000351       0x20 OptionABPF.o

.debug_info     0x00000000     0x1d9e
 *(.debug_info)
 .debug_info    0x00000000      0x7bc main.o
 .debug_info    0x000007bc      0x140 osccal.o
 .debug_info    0x000008fc      0x2d9 I2Copencollector.o
 .debug_info    0x00000bd5      0x752 usbdrv.o
 .debug_info    0x00001327      0x225 FreqFromSi570.o
 .debug_info    0x0000154c      0x5b2 DeviceSi570.o
 .debug_info    0x00001afe       0x64 DeviceAd9850.o
 .debug_info    0x00001b62      0x23c OptionABPF.o
 *(.gnu.linkonce.wi.*)

.debug_abbrev   0x00000000      0xcbc
 *(.debug_abbrev)
 .debug_abbrev  0x00000000      0x339 main.o
 .debug_abbrev  0x00000339       0xe5 osccal.o
 .debug_abbrev  0x0000041e      0x18d I2Copencollector.o
 .debug_abbrev  0x000005ab      0x227 usbdrv.o
 .debug_abbrev  0x000007d2      0x10f FreqFromSi570.o
 .debug_abbrev  0x000008e1      0x298 DeviceSi570.o
 .debug_abbrev  0x00000b79       0x33 DeviceAd9850.o
 .debug_abbrev  0x00000bac      0x110 OptionABPF.o

.debug_line     0x00000000     0x11e6
 *(.debug_line)
 .debug_line    0x00000000      0x49e main.o
 .debug_line    0x0000049e      0x14e osccal.o
 .debug_line    0x000005ec      0x25b I2Copencollector.o
 .debug_line    0x00000847      0x34a usbdrv.o
 .debug_line    0x00000b91      0x139 FreqFromSi570.o
 .debug_line    0x00000cca      0x37d DeviceSi570.o
 .debug_line    0x00001047       0x41 DeviceAd9850.o
 .debug_line    0x00001088      0x15e OptionABPF.o

.debug_frame    0x00000000      0x210
 *(.debug_frame)
 .debug_frame   0x00000000       0x60 main.o
 .debug_frame   0x00000060       0x30 osccal.o
 .debug_frame   0x00000090       0xb0 I2Copencollector.o
 .debug_frame   0x00000140       0x30 usbdrv.o
 .debug_frame   0x00000170       0x20 FreqFromSi570.o
 .debug_frame   0x00000190       0x60 DeviceSi570.o
 .debug_frame   0x000001f0       0x20 OptionABPF.o

.debug_str      0x00000000      0x7a1
 *(.debug_str)
 .debug_str     0x00000000      0x2a8 main.o
                                0x2f7 (size before relaxing)
 .debug_str     0x000002a8       0x67 osccal.o
                                0x152 (size before relaxing)
 .debug_str     0x0000030f       0xb4 I2Copencollector.o
                                0x1cb (size before relaxing)
 .debug_str     0x000003c3      0x274 usbdrv.o
                                0x3c7 (size before relaxing)
 .debug_str     0x00000637       0x28 FreqFromSi570.o
                                0x17c (size before relaxing)
 .debug_str     0x0000065f      0x116 DeviceSi570.o
                                0x2c7 (size before relaxing)
 .debug_str     0x00000775       0x12 DeviceAd9850.o
                                 0xd8 (size before relaxing)
 .debug_str     0x00000787       0x1a OptionABPF.o
                                0x170 (size before relaxing)

.debug_loc      0x00000000      0x7a3
 *(.debug_loc)
 .debug_loc     0x00000000      0x235 main.o
 .debug_loc     0x00000235       0x7c osccal.o
 .debug_loc     0x000002b1       0x44 I2Copencollector.o
 .debug_loc     0x000002f5      0x2e4 usbdrv.o
 .debug_loc     0x000005d9       0x8a FreqFromSi570.o
 .debug_loc     0x00000663      0x122 DeviceSi570.o
 .debug_loc     0x00000785       0x1e OptionABPF.o

.debug_macinfo
 *(.debug_macinfo)
OUTPUT(out.elf elf32-avr)
LOAD linker stubs

.debug_ranges   0x00000000       0x38
 .debug_ranges  0x00000000       0x38 usbdrv.o
