Archive member included because of file (symbol)

c:/winavr-20100110/bin/../lib/gcc/avr/4.3.3/avr25\libgcc.a(_mulhi3.o)
                              main.o (__mulhi3)
c:/winavr-20100110/bin/../lib/gcc/avr/4.3.3/avr25\libgcc.a(_mulsi3.o)
                              DeviceSi570.o (__mulsi3)
c:/winavr-20100110/bin/../lib/gcc/avr/4.3.3/avr25\libgcc.a(_udivmodhi4.o)
                              DeviceSi570.o (__udivmodhi4)
c:/winavr-20100110/bin/../lib/gcc/avr/4.3.3/avr25\libgcc.a(_exit.o)
                              c:/winavr-20100110/bin/../lib/gcc/avr/4.3.3/../../../../avr/lib/avr25/crttn85.o (exit)
c:/winavr-20100110/bin/../lib/gcc/avr/4.3.3/avr25\libgcc.a(_copy_data.o)
                              main.o (__do_copy_data)
c:/winavr-20100110/bin/../lib/gcc/avr/4.3.3/avr25\libgcc.a(_clear_bss.o)
                              main.o (__do_clear_bss)
c:/winavr-20100110/bin/../lib/gcc/avr/4.3.3/../../../../avr/lib/avr25\libc.a(eerd_block_attiny85.o)
                              main.o (__eerd_block_tn85)
c:/winavr-20100110/bin/../lib/gcc/avr/4.3.3/../../../../avr/lib/avr25\libc.a(eerd_byte_attiny85.o)
                              main.o (__eerd_byte_tn85)
c:/winavr-20100110/bin/../lib/gcc/avr/4.3.3/../../../../avr/lib/avr25\libc.a(eewr_block_attiny85.o)
                              main.o (__eewr_block_tn85)
c:/winavr-20100110/bin/../lib/gcc/avr/4.3.3/../../../../avr/lib/avr25\libc.a(eewr_byte_attiny85.o)
                              main.o (__eewr_byte_tn85)
c:/winavr-20100110/bin/../lib/gcc/avr/4.3.3/../../../../avr/lib/avr25\libc.a(eewr_word_attiny85.o)
                              main.o (__eewr_word_tn85)

Allocating common symbols
Common symbol       size              file

usbTxBuf            0xb               usbdrv.o
Si570_Data          0x6               main.o
replyBuf            0x8               main.o
usbDeviceAddr       0x1               usbdrv.o
usbRxToken          0x1               usbdrv.o
usbInputBufOffset   0x1               usbdrv.o
usbMsgPtr           0x2               usbdrv.o
usbRxLen            0x1               usbdrv.o
usbNewDeviceAddr    0x1               usbdrv.o
usbCurrentTok       0x1               usbdrv.o
usbConfiguration    0x1               usbdrv.o
usbRxBuf            0x16              usbdrv.o
FreqSmoothTune      0x4               DeviceSi570.o

Memory Configuration

Name             Origin             Length             Attributes
text             0x00000000         0x00002000         xr
data             0x00800060         0x0000ffa0         rw !x
eeprom           0x00810000         0x00010000         rw !x
fuse             0x00820000         0x00000400         rw !x
lock             0x00830000         0x00000400         rw !x
signature        0x00840000         0x00000400         rw !x
*default*        0x00000000         0xffffffff

Linker script and memory map

LOAD c:/winavr-20100110/bin/../lib/gcc/avr/4.3.3/../../../../avr/lib/avr25/crttn85.o
LOAD main.o
LOAD osccal.o
LOAD I2Copencollector.o
LOAD DeviceSi570.o
LOAD DeviceAd9850.o
LOAD usbdrv.o
LOAD usbdrvasm.o
LOAD c:/winavr-20100110/bin/../lib/gcc/avr/4.3.3/avr25\libgcc.a
LOAD c:/winavr-20100110/bin/../lib/gcc/avr/4.3.3/../../../../avr/lib/avr25\libc.a
LOAD c:/winavr-20100110/bin/../lib/gcc/avr/4.3.3/avr25\libgcc.a

.hash
 *(.hash)

.dynsym
 *(.dynsym)

.dynstr
 *(.dynstr)

.gnu.version
 *(.gnu.version)

.gnu.version_d
 *(.gnu.version_d)

.gnu.version_r
 *(.gnu.version_r)

.rel.init
 *(.rel.init)

.rela.init
 *(.rela.init)

.rel.text
 *(.rel.text)
 *(.rel.text.*)
 *(.rel.gnu.linkonce.t*)

.rela.text
 *(.rela.text)
 *(.rela.text.*)
 *(.rela.gnu.linkonce.t*)

.rel.fini
 *(.rel.fini)

.rela.fini
 *(.rela.fini)

.rel.rodata
 *(.rel.rodata)
 *(.rel.rodata.*)
 *(.rel.gnu.linkonce.r*)

.rela.rodata
 *(.rela.rodata)
 *(.rela.rodata.*)
 *(.rela.gnu.linkonce.r*)

.rel.data
 *(.rel.data)
 *(.rel.data.*)
 *(.rel.gnu.linkonce.d*)

.rela.data
 *(.rela.data)
 *(.rela.data.*)
 *(.rela.gnu.linkonce.d*)

.rel.ctors
 *(.rel.ctors)

.rela.ctors
 *(.rela.ctors)

.rel.dtors
 *(.rel.dtors)

.rela.dtors
 *(.rela.dtors)

.rel.got
 *(.rel.got)

.rela.got
 *(.rela.got)

.rel.bss
 *(.rel.bss)

.rela.bss
 *(.rela.bss)

.rel.plt
 *(.rel.plt)

.rela.plt
 *(.rela.plt)

.text           0x00000000     0x1216
 *(.vectors)
 .vectors       0x00000000       0x1e c:/winavr-20100110/bin/../lib/gcc/avr/4.3.3/../../../../avr/lib/avr25/crttn85.o
                0x00000000                __vectors
 *(.vectors)
 *(.progmem.gcc*)
 *(.progmem*)
 .progmem.data  0x0000001e       0x58 usbdrv.o
                0x00000052                usbDescriptorDevice
                0x0000001e                usbDescriptorString0
                0x00000064                usbDescriptorConfiguration
                0x00000022                usbDescriptorStringVendor
                0x0000003c                usbDescriptorStringDevice
                0x00000076                . = ALIGN (0x2)
                0x00000076                __trampolines_start = .
 *(.trampolines)
 .trampolines   0x00000076        0x0 linker stubs
 *(.trampolines*)
                0x00000076                __trampolines_end = .
 *(.jumptables)
 *(.jumptables*)
 *(.lowtext)
 *(.lowtext*)
                0x00000076                __ctors_start = .
 *(.ctors)
                0x00000076                __ctors_end = .
                0x00000076                __dtors_start = .
 *(.dtors)
                0x00000076                __dtors_end = .
 SORT(*)(.ctors)
 SORT(*)(.dtors)
 *(.init0)
 .init0         0x00000076        0x0 c:/winavr-20100110/bin/../lib/gcc/avr/4.3.3/../../../../avr/lib/avr25/crttn85.o
                0x00000076                __init
 *(.init0)
 *(.init1)
 *(.init1)
 *(.init2)
 .init2         0x00000076        0xc c:/winavr-20100110/bin/../lib/gcc/avr/4.3.3/../../../../avr/lib/avr25/crttn85.o
 *(.init2)
 *(.init3)
 .init3         0x00000082       0x14 main.o
                0x00000082                dotInit3
 *(.init3)
 *(.init4)
 .init4         0x00000096       0x16 c:/winavr-20100110/bin/../lib/gcc/avr/4.3.3/avr25\libgcc.a(_copy_data.o)
                0x00000096                __do_copy_data
 .init4         0x000000ac       0x10 c:/winavr-20100110/bin/../lib/gcc/avr/4.3.3/avr25\libgcc.a(_clear_bss.o)
                0x000000ac                __do_clear_bss
 *(.init4)
 *(.init5)
 *(.init5)
 *(.init6)
 *(.init6)
 *(.init7)
 *(.init7)
 *(.init8)
 *(.init8)
 *(.init9)
 .init9         0x000000bc        0x4 c:/winavr-20100110/bin/../lib/gcc/avr/4.3.3/../../../../avr/lib/avr25/crttn85.o
 *(.init9)
 *(.text)
 .text          0x000000c0        0x2 c:/winavr-20100110/bin/../lib/gcc/avr/4.3.3/../../../../avr/lib/avr25/crttn85.o
                0x000000c0                __vector_12
                0x000000c0                __bad_interrupt
                0x000000c0                __vector_6
                0x000000c0                __vector_3
                0x000000c0                __vector_11
                0x000000c0                __vector_13
                0x000000c0                __vector_7
                0x000000c0                __vector_5
                0x000000c0                __vector_4
                0x000000c0                __vector_9
                0x000000c0                __vector_2
                0x000000c0                __vector_8
                0x000000c0                __vector_14
                0x000000c0                __vector_10
 .text          0x000000c2      0x52e main.o
                0x00000164                usbFunctionSetup
                0x000000c2                __vector_default
                0x000000da                main
                0x000000c4                GetTemperature
                0x0000042e                usbFunctionWrite
 .text          0x000005f0       0x92 osccal.o
                0x000005f0                calibrateOscillator
                0x00000672                usbEventResetReady
 .text          0x00000682       0xca I2Copencollector.o
                0x000006fc                I2CSendByte
                0x000006ba                I2CSendStop
                0x000006ce                I2CSend0
                0x000006de                I2CSend1
                0x0000072e                I2CReceiveByte
                0x000006a4                I2CSendStart
 .text          0x0000074c      0x498 DeviceSi570.o
                0x00000832                SetFilter
                0x00000902                SetFreq
                0x00000878                GetRegFromSi570
                0x00000bb0                DeviceInit
                0x000008be                Si570CmdReg
 .text          0x00000be4        0x0 DeviceAd9850.o
 .text          0x00000be4      0x252 usbdrv.o
                0x00000bf2                usbPoll
                0x00000be4                usbInit
 .text          0x00000e36      0x2fa usbdrvasm.o
                0x00000e8e                __vector_1
                0x00000e36                usbCrc16
                0x00000e60                usbCrc16Append
                0x00000e68                usbMeasureFrameLength
 .text          0x00001130        0x0 c:/winavr-20100110/bin/../lib/gcc/avr/4.3.3/avr25\libgcc.a(_mulhi3.o)
 .text          0x00001130        0x0 c:/winavr-20100110/bin/../lib/gcc/avr/4.3.3/avr25\libgcc.a(_mulsi3.o)
 .text          0x00001130        0x0 c:/winavr-20100110/bin/../lib/gcc/avr/4.3.3/avr25\libgcc.a(_udivmodhi4.o)
 .text          0x00001130        0x0 c:/winavr-20100110/bin/../lib/gcc/avr/4.3.3/avr25\libgcc.a(_exit.o)
 .text          0x00001130        0x0 c:/winavr-20100110/bin/../lib/gcc/avr/4.3.3/avr25\libgcc.a(_copy_data.o)
 .text          0x00001130        0x0 c:/winavr-20100110/bin/../lib/gcc/avr/4.3.3/avr25\libgcc.a(_clear_bss.o)
 .text          0x00001130        0x0 c:/winavr-20100110/bin/../lib/gcc/avr/4.3.3/../../../../avr/lib/avr25\libc.a(eerd_block_attiny85.o)
 .text          0x00001130        0x0 c:/winavr-20100110/bin/../lib/gcc/avr/4.3.3/../../../../avr/lib/avr25\libc.a(eerd_byte_attiny85.o)
 .text          0x00001130        0x0 c:/winavr-20100110/bin/../lib/gcc/avr/4.3.3/../../../../avr/lib/avr25\libc.a(eewr_block_attiny85.o)
 .text          0x00001130        0x0 c:/winavr-20100110/bin/../lib/gcc/avr/4.3.3/../../../../avr/lib/avr25\libc.a(eewr_byte_attiny85.o)
 .text          0x00001130        0x0 c:/winavr-20100110/bin/../lib/gcc/avr/4.3.3/../../../../avr/lib/avr25\libc.a(eewr_word_attiny85.o)
                0x00001130                . = ALIGN (0x2)
 *(.text.*)
 .text.libgcc   0x00001130       0x24 c:/winavr-20100110/bin/../lib/gcc/avr/4.3.3/avr25\libgcc.a(_mulhi3.o)
                0x00001130                __mulhi3
 .text.libgcc   0x00001154       0x32 c:/winavr-20100110/bin/../lib/gcc/avr/4.3.3/avr25\libgcc.a(_mulsi3.o)
                0x00001154                __mulsi3
 .text.libgcc   0x00001186       0x28 c:/winavr-20100110/bin/../lib/gcc/avr/4.3.3/avr25\libgcc.a(_udivmodhi4.o)
                0x00001186                __udivmodhi4
 .text.libgcc   0x000011ae        0x0 c:/winavr-20100110/bin/../lib/gcc/avr/4.3.3/avr25\libgcc.a(_exit.o)
 .text.libgcc   0x000011ae        0x0 c:/winavr-20100110/bin/../lib/gcc/avr/4.3.3/avr25\libgcc.a(_copy_data.o)
 .text.libgcc   0x000011ae        0x0 c:/winavr-20100110/bin/../lib/gcc/avr/4.3.3/avr25\libgcc.a(_clear_bss.o)
 .text.avr-libc
                0x000011ae       0x20 c:/winavr-20100110/bin/../lib/gcc/avr/4.3.3/../../../../avr/lib/avr25\libc.a(eerd_block_attiny85.o)
                0x000011b2                __eerd_blraw_tn85
                0x000011ae                __eerd_block_tn85
 .text.avr-libc
                0x000011ce       0x10 c:/winavr-20100110/bin/../lib/gcc/avr/4.3.3/../../../../avr/lib/avr25\libc.a(eerd_byte_attiny85.o)
                0x000011ce                __eerd_byte_tn85
 .text.avr-libc
                0x000011de       0x12 c:/winavr-20100110/bin/../lib/gcc/avr/4.3.3/../../../../avr/lib/avr25\libc.a(eewr_block_attiny85.o)
                0x000011de                __eewr_block_tn85
 .text.avr-libc
                0x000011f0       0x1c c:/winavr-20100110/bin/../lib/gcc/avr/4.3.3/../../../../avr/lib/avr25\libc.a(eewr_byte_attiny85.o)
                0x000011f2                __eewr_r18_tn85
                0x000011f0                __eewr_byte_tn85
 .text.avr-libc
                0x0000120c        0x6 c:/winavr-20100110/bin/../lib/gcc/avr/4.3.3/../../../../avr/lib/avr25\libc.a(eewr_word_attiny85.o)
                0x0000120c                __eewr_word_tn85
                0x00001212                . = ALIGN (0x2)
 *(.fini9)
 .fini9         0x00001212        0x0 c:/winavr-20100110/bin/../lib/gcc/avr/4.3.3/avr25\libgcc.a(_exit.o)
                0x00001212                exit
                0x00001212                _exit
 *(.fini9)
 *(.fini8)
 *(.fini8)
 *(.fini7)
 *(.fini7)
 *(.fini6)
 *(.fini6)
 *(.fini5)
 *(.fini5)
 *(.fini4)
 *(.fini4)
 *(.fini3)
 *(.fini3)
 *(.fini2)
 *(.fini2)
 *(.fini1)
 *(.fini1)
 *(.fini0)
 .fini0         0x00001212        0x4 c:/winavr-20100110/bin/../lib/gcc/avr/4.3.3/avr25\libgcc.a(_exit.o)
 *(.fini0)
                0x00001216                _etext = .

.data           0x00800060       0x52 load address 0x00001216
                0x00800060                PROVIDE (__data_start, .)
 *(.data)
 .data          0x00800060        0x0 c:/winavr-20100110/bin/../lib/gcc/avr/4.3.3/../../../../avr/lib/avr25/crttn85.o
 .data          0x00800060       0x50 main.o
                0x0080009e                usbDescriptorStringSerialNumber
                0x00800060                R
 .data          0x008000b0        0x0 osccal.o
 .data          0x008000b0        0x0 I2Copencollector.o
 .data          0x008000b0        0x0 DeviceSi570.o
 .data          0x008000b0        0x0 DeviceAd9850.o
 .data          0x008000b0        0x2 usbdrv.o
                0x008000b0                usbTxLen
 .data          0x008000b2        0x0 usbdrvasm.o
 .data          0x008000b2        0x0 c:/winavr-20100110/bin/../lib/gcc/avr/4.3.3/avr25\libgcc.a(_mulhi3.o)
 .data          0x008000b2        0x0 c:/winavr-20100110/bin/../lib/gcc/avr/4.3.3/avr25\libgcc.a(_mulsi3.o)
 .data          0x008000b2        0x0 c:/winavr-20100110/bin/../lib/gcc/avr/4.3.3/avr25\libgcc.a(_udivmodhi4.o)
 .data          0x008000b2        0x0 c:/winavr-20100110/bin/../lib/gcc/avr/4.3.3/avr25\libgcc.a(_exit.o)
 .data          0x008000b2        0x0 c:/winavr-20100110/bin/../lib/gcc/avr/4.3.3/avr25\libgcc.a(_copy_data.o)
 .data          0x008000b2        0x0 c:/winavr-20100110/bin/../lib/gcc/avr/4.3.3/avr25\libgcc.a(_clear_bss.o)
 .data          0x008000b2        0x0 c:/winavr-20100110/bin/../lib/gcc/avr/4.3.3/../../../../avr/lib/avr25\libc.a(eerd_block_attiny85.o)
 .data          0x008000b2        0x0 c:/winavr-20100110/bin/../lib/gcc/avr/4.3.3/../../../../avr/lib/avr25\libc.a(eerd_byte_attiny85.o)
 .data          0x008000b2        0x0 c:/winavr-20100110/bin/../lib/gcc/avr/4.3.3/../../../../avr/lib/avr25\libc.a(eewr_block_attiny85.o)
 .data          0x008000b2        0x0 c:/winavr-20100110/bin/../lib/gcc/avr/4.3.3/../../../../avr/lib/avr25\libc.a(eewr_byte_attiny85.o)
 .data          0x008000b2        0x0 c:/winavr-20100110/bin/../lib/gcc/avr/4.3.3/../../../../avr/lib/avr25\libc.a(eewr_word_attiny85.o)
 *(.data*)
 *(.rodata)
 *(.rodata*)
 *(.gnu.linkonce.d*)
                0x008000b2                . = ALIGN (0x2)
                0x008000b2                _edata = .
                0x008000b2                PROVIDE (__data_end, .)

.bss            0x008000b2       0x3f
                0x008000b2                PROVIDE (__bss_start, .)
 *(.bss)
 .bss           0x008000b2        0x0 c:/winavr-20100110/bin/../lib/gcc/avr/4.3.3/../../../../avr/lib/avr25/crttn85.o
 .bss           0x008000b2        0x1 main.o
 .bss           0x008000b3        0x0 osccal.o
 .bss           0x008000b3        0x0 I2Copencollector.o
 .bss           0x008000b3        0x0 DeviceSi570.o
 .bss           0x008000b3        0x0 DeviceAd9850.o
 .bss           0x008000b3        0x2 usbdrv.o
 .bss           0x008000b5        0x0 usbdrvasm.o
 .bss           0x008000b5        0x0 c:/winavr-20100110/bin/../lib/gcc/avr/4.3.3/avr25\libgcc.a(_mulhi3.o)
 .bss           0x008000b5        0x0 c:/winavr-20100110/bin/../lib/gcc/avr/4.3.3/avr25\libgcc.a(_mulsi3.o)
 .bss           0x008000b5        0x0 c:/winavr-20100110/bin/../lib/gcc/avr/4.3.3/avr25\libgcc.a(_udivmodhi4.o)
 .bss           0x008000b5        0x0 c:/winavr-20100110/bin/../lib/gcc/avr/4.3.3/avr25\libgcc.a(_exit.o)
 .bss           0x008000b5        0x0 c:/winavr-20100110/bin/../lib/gcc/avr/4.3.3/avr25\libgcc.a(_copy_data.o)
 .bss           0x008000b5        0x0 c:/winavr-20100110/bin/../lib/gcc/avr/4.3.3/avr25\libgcc.a(_clear_bss.o)
 .bss           0x008000b5        0x0 c:/winavr-20100110/bin/../lib/gcc/avr/4.3.3/../../../../avr/lib/avr25\libc.a(eerd_block_attiny85.o)
 .bss           0x008000b5        0x0 c:/winavr-20100110/bin/../lib/gcc/avr/4.3.3/../../../../avr/lib/avr25\libc.a(eerd_byte_attiny85.o)
 .bss           0x008000b5        0x0 c:/winavr-20100110/bin/../lib/gcc/avr/4.3.3/../../../../avr/lib/avr25\libc.a(eewr_block_attiny85.o)
 .bss           0x008000b5        0x0 c:/winavr-20100110/bin/../lib/gcc/avr/4.3.3/../../../../avr/lib/avr25\libc.a(eewr_byte_attiny85.o)
 .bss           0x008000b5        0x0 c:/winavr-20100110/bin/../lib/gcc/avr/4.3.3/../../../../avr/lib/avr25\libc.a(eewr_word_attiny85.o)
 *(.bss*)
 *(COMMON)
 COMMON         0x008000b5        0xe main.o
                0x008000b5                Si570_Data
                0x008000bb                replyBuf
 COMMON         0x008000c3        0x4 DeviceSi570.o
                0x008000c3                FreqSmoothTune
 COMMON         0x008000c7       0x2a usbdrv.o
                0x008000c7                usbTxBuf
                0x008000d2                usbDeviceAddr
                0x008000d3                usbRxToken
                0x008000d4                usbInputBufOffset
                0x008000d5                usbMsgPtr
                0x008000d7                usbRxLen
                0x008000d8                usbNewDeviceAddr
                0x008000d9                usbCurrentTok
                0x008000da                usbConfiguration
                0x008000db                usbRxBuf
                0x008000f1                PROVIDE (__bss_end, .)
                0x00001216                __data_load_start = LOADADDR (.data)
                0x00001268                __data_load_end = (__data_load_start + SIZEOF (.data))

.noinit         0x008000f1        0x0
                0x008000f1                PROVIDE (__noinit_start, .)
 *(.noinit*)
                0x008000f1                PROVIDE (__noinit_end, .)
                0x008000f1                _end = .
                0x008000f1                PROVIDE (__heap_start, .)

.eeprom         0x00810000       0x3e
 *(.eeprom*)
 .eeprom        0x00810000       0x3e main.o
                0x00810000                E
                0x0081003e                __eeprom_end = .

.fuse
 *(.fuse)
 *(.lfuse)
 *(.hfuse)
 *(.efuse)

.lock
 *(.lock*)

.signature
 *(.signature*)

.stab
 *(.stab)

.stabstr
 *(.stabstr)

.stab.excl
 *(.stab.excl)

.stab.exclstr
 *(.stab.exclstr)

.stab.index
 *(.stab.index)

.stab.indexstr
 *(.stab.indexstr)

.comment
 *(.comment)

.debug
 *(.debug)

.line
 *(.line)

.debug_srcinfo
 *(.debug_srcinfo)

.debug_sfnames
 *(.debug_sfnames)

.debug_aranges  0x00000000       0xc8
 *(.debug_aranges)
 .debug_aranges
                0x00000000       0x28 main.o
 .debug_aranges
                0x00000028       0x20 osccal.o
 .debug_aranges
                0x00000048       0x20 I2Copencollector.o
 .debug_aranges
                0x00000068       0x20 DeviceSi570.o
 .debug_aranges
                0x00000088       0x20 usbdrv.o
 .debug_aranges
                0x000000a8       0x20 usbdrvasm.o

.debug_pubnames
                0x00000000      0x44c
 *(.debug_pubnames)
 .debug_pubnames
                0x00000000       0xf5 main.o
 .debug_pubnames
                0x000000f5       0x41 osccal.o
 .debug_pubnames
                0x00000136       0x9f I2Copencollector.o
 .debug_pubnames
                0x000001d5       0xcb DeviceSi570.o
 .debug_pubnames
                0x000002a0       0x41 DeviceAd9850.o
 .debug_pubnames
                0x000002e1      0x16b usbdrv.o

.debug_info     0x00000000     0x1d7d
 *(.debug_info)
 .debug_info    0x00000000      0x7bc main.o
 .debug_info    0x000007bc       0xe5 osccal.o
 .debug_info    0x000008a1      0x46d I2Copencollector.o
 .debug_info    0x00000d0e      0x787 DeviceSi570.o
 .debug_info    0x00001495       0x99 DeviceAd9850.o
 .debug_info    0x0000152e      0x7ce usbdrv.o
 .debug_info    0x00001cfc       0x81 usbdrvasm.o
 *(.gnu.linkonce.wi.*)

.debug_abbrev   0x00000000      0xa4a
 *(.debug_abbrev)
 .debug_abbrev  0x00000000      0x2ee main.o
 .debug_abbrev  0x000002ee       0x8a osccal.o
 .debug_abbrev  0x00000378      0x16c I2Copencollector.o
 .debug_abbrev  0x000004e4      0x2e8 DeviceSi570.o
 .debug_abbrev  0x000007cc       0x51 DeviceAd9850.o
 .debug_abbrev  0x0000081d      0x219 usbdrv.o
 .debug_abbrev  0x00000a36       0x14 usbdrvasm.o

.debug_line     0x00000000     0x1400
 *(.debug_line)
 .debug_line    0x00000000      0x6a7 main.o
 .debug_line    0x000006a7       0xed osccal.o
 .debug_line    0x00000794      0x2b6 I2Copencollector.o
 .debug_line    0x00000a4a      0x3d7 DeviceSi570.o
 .debug_line    0x00000e21       0x84 DeviceAd9850.o
 .debug_line    0x00000ea5      0x363 usbdrv.o
 .debug_line    0x00001208      0x1f8 usbdrvasm.o

.debug_frame    0x00000000      0x1f0
 *(.debug_frame)
 .debug_frame   0x00000000       0x70 main.o
 .debug_frame   0x00000070       0x30 osccal.o
 .debug_frame   0x000000a0       0x90 I2Copencollector.o
 .debug_frame   0x00000130       0x90 DeviceSi570.o
 .debug_frame   0x000001c0       0x30 usbdrv.o

.debug_str      0x00000000      0x79b
 *(.debug_str)
 .debug_str     0x00000000      0x2d1 main.o
                                0x32d (size before relaxing)
 .debug_str     0x000002d1       0x67 osccal.o
                                0x111 (size before relaxing)
 .debug_str     0x00000338       0x97 I2Copencollector.o
                                0x1af (size before relaxing)
 .debug_str     0x000003cf      0x160 DeviceSi570.o
                                0x34c (size before relaxing)
 .debug_str     0x0000052f       0x12 DeviceAd9850.o
                                 0xe7 (size before relaxing)
 .debug_str     0x00000541      0x25a usbdrv.o
                                0x3b0 (size before relaxing)

.debug_loc      0x00000000      0xa70
 *(.debug_loc)
 .debug_loc     0x00000000      0x330 main.o
 .debug_loc     0x00000330       0xaf osccal.o
 .debug_loc     0x000003df       0x7d I2Copencollector.o
 .debug_loc     0x0000045c      0x2a4 DeviceSi570.o
 .debug_loc     0x00000700      0x370 usbdrv.o

.debug_macinfo
 *(.debug_macinfo)
OUTPUT(AVR-FirmwareV15.14-ATtiny85.elf elf32-avr)
LOAD linker stubs

.debug_ranges   0x00000000       0x78
 .debug_ranges  0x00000000       0x40 main.o
 .debug_ranges  0x00000040       0x38 usbdrv.o
